Calculating task graph as no cached configuration is available for tasks: build
> Task :lib:compileDebugCpp
> Task :lib:linkDebug
> Task :lib:assemble
> Task :lib:compileTestCpp
> Task :lib:linkTest
> Task :lib:installTest
> Task :lib:runTest
> Task :lib:test
> Task :lib:check
> Task :lib:build

BUILD SUCCESSFUL in 0s
6 actionable tasks: 6 executed
Configuration cache entry stored.
